// Vitest Snapshot v1, https://vitest.dev/guide/snapshot.html

exports[`ButtonPrevMonth > should render the component 1`] = `"<button data-v-11092de0="" type="button" class="k-alendar-navegation-prev">←</button>"`;
