// Vitest Snapshot v1, https://vitest.dev/guide/snapshot.html

exports[`ButtonNextMonth > should render the component 1`] = `"<button data-v-f3d09f65="" type="button" class="k-alendar-navegation-left">â†’</button>"`;
