// Vitest Snapshot v1, https://vitest.dev/guide/snapshot.html

exports[`ButtonTodayMonth > should render the component 1`] = `"<button data-v-8f6b2986="" type="button" class="k-alendar-today-button">Today</button>"`;
